// Jest Snapshot v1, https://goo.gl/fbAQLP

exports[`<Filter /> renders correctly 1`] = `
<div
  className="Filter"
>
  <div
    className="MuiPaper-root MuiPaper-elevation1 MuiExpansionPanel-root"
    id="filter-panel"
  >
    <div
      className="MuiBox-root MuiBox-root-188"
    >
      <div
        className="MuiBox-root MuiBox-root-189"
      >
        <div
          aria-controls="filter-panel-content"
          aria-disabled={false}
          aria-expanded={false}
          className="MuiButtonBase-root MuiExpansionPanelSummary-root"
          id="filter-panel-header-summery"
          onBlur={[Function]}
          onClick={[Function]}
          onDragLeave={[Function]}
          onFocus={[Function]}
          onKeyDown={[Function]}
          onKeyUp={[Function]}
          onMouseDown={[Function]}
          onMouseLeave={[Function]}
          onMouseUp={[Function]}
          onTouchEnd={[Function]}
          onTouchMove={[Function]}
          onTouchStart={[Function]}
          role="button"
          tabIndex={0}
        >
          <div
            className="MuiExpansionPanelSummary-content"
          >
            <span
              className="MuiTypography-root MuiTypography-body1"
              id="filter-header"
            >
              Suche eingrenzen (
              <span>
                0
                 Filter aktiv
              </span>
              )
            </span>
          </div>
          <div
            aria-disabled={false}
            aria-hidden={true}
            className="MuiButtonBase-root MuiIconButton-root MuiExpansionPanelSummary-expandIcon MuiIconButton-edgeEnd"
            onBlur={[Function]}
            onDragLeave={[Function]}
            onFocus={[Function]}
            onKeyDown={[Function]}
            onKeyUp={[Function]}
            onMouseDown={[Function]}
            onMouseLeave={[Function]}
            onMouseUp={[Function]}
            onTouchEnd={[Function]}
            onTouchMove={[Function]}
            onTouchStart={[Function]}
            role={null}
            tabIndex={null}
          >
            <span
              className="MuiIconButton-label"
            >
              <svg
                aria-hidden="true"
                className="MuiSvgIcon-root"
                focusable="false"
                id="search-expand-icon"
                role="presentation"
                viewBox="0 0 24 24"
              >
                <path
                  d="M16.59 8.59L12 13.17 7.41 8.59 6 10l6 6 6-6z"
                />
              </svg>
            </span>
          </div>
        </div>
      </div>
    </div>
    <div
      className="MuiCollapse-container MuiCollapse-hidden"
      style={
        Object {
          "minHeight": "0px",
        }
      }
    >
      <div
        className="MuiCollapse-wrapper"
      >
        <div
          className="MuiCollapse-wrapperInner"
        >
          <div
            role="region"
          >
            <div
              className="MuiBox-root MuiBox-root-190"
            >
              <div
                className="MuiBox-root MuiBox-root-191"
              >
                <div
                  className="MuiExpansionPanelDetails-root"
                >
                  <span
                    className="MuiTypography-root MuiTypography-body1"
                  >
                    <div
                      className="ToggleButtons"
                    >
                      <div
                        className="MuiBox-root MuiBox-root-192"
                      >
                        <div
                          className="MuiBox-root MuiBox-root-193"
                        >
                          <div
                            className="FilterCategory"
                          >
                            <button
                              aria-pressed={false}
                              className="MuiButtonBase-root MuiToggleButton-root"
                              disabled={false}
                              onBlur={[Function]}
                              onChange={[Function]}
                              onClick={[Function]}
                              onDragLeave={[Function]}
                              onFocus={[Function]}
                              onKeyDown={[Function]}
                              onKeyUp={[Function]}
                              onMouseDown={[Function]}
                              onMouseLeave={[Function]}
                              onMouseUp={[Function]}
                              onTouchEnd={[Function]}
                              onTouchMove={[Function]}
                              onTouchStart={[Function]}
                              tabIndex={0}
                              type="button"
                              value="breakfast"
                            >
                              <span
                                className="MuiToggleButton-label"
                              >
                                Frühstück
                              </span>
                            </button>
                          </div>
                        </div>
                        <div
                          className="MuiBox-root MuiBox-root-194"
                        >
                          <div
                            className="FilterCategory"
                          >
                            <button
                              aria-pressed={false}
                              className="MuiButtonBase-root MuiToggleButton-root"
                              disabled={false}
                              onBlur={[Function]}
                              onChange={[Function]}
                              onClick={[Function]}
                              onDragLeave={[Function]}
                              onFocus={[Function]}
                              onKeyDown={[Function]}
                              onKeyUp={[Function]}
                              onMouseDown={[Function]}
                              onMouseLeave={[Function]}
                              onMouseUp={[Function]}
                              onTouchEnd={[Function]}
                              onTouchMove={[Function]}
                              onTouchStart={[Function]}
                              tabIndex={0}
                              type="button"
                              value="lunch"
                            >
                              <span
                                className="MuiToggleButton-label"
                              >
                                Mittagessen
                              </span>
                            </button>
                          </div>
                        </div>
                        <div
                          className="MuiBox-root MuiBox-root-195"
                        >
                          <div
                            className="FilterCategory"
                          >
                            <button
                              aria-pressed={false}
                              className="MuiButtonBase-root MuiToggleButton-root"
                              disabled={false}
                              onBlur={[Function]}
                              onChange={[Function]}
                              onClick={[Function]}
                              onDragLeave={[Function]}
                              onFocus={[Function]}
                              onKeyDown={[Function]}
                              onKeyUp={[Function]}
                              onMouseDown={[Function]}
                              onMouseLeave={[Function]}
                              onMouseUp={[Function]}
                              onTouchEnd={[Function]}
                              onTouchMove={[Function]}
                              onTouchStart={[Function]}
                              tabIndex={0}
                              type="button"
                              value="dinner"
                            >
                              <span
                                className="MuiToggleButton-label"
                              >
                                Abendessen
                              </span>
                            </button>
                          </div>
                        </div>
                      </div>
                      <div
                        className="MuiBox-root MuiBox-root-196"
                      >
                        <div
                          className="MuiBox-root MuiBox-root-197"
                        >
                          <div
                            className="FilterCategory"
                          >
                            <button
                              aria-pressed={false}
                              className="MuiButtonBase-root MuiToggleButton-root"
                              disabled={false}
                              onBlur={[Function]}
                              onChange={[Function]}
                              onClick={[Function]}
                              onDragLeave={[Function]}
                              onFocus={[Function]}
                              onKeyDown={[Function]}
                              onKeyUp={[Function]}
                              onMouseDown={[Function]}
                              onMouseLeave={[Function]}
                              onMouseUp={[Function]}
                              onTouchEnd={[Function]}
                              onTouchMove={[Function]}
                              onTouchStart={[Function]}
                              tabIndex={0}
                              type="button"
                              value="vegetarian"
                            >
                              <span
                                className="MuiToggleButton-label"
                              >
                                vegetarisch
                              </span>
                            </button>
                          </div>
                        </div>
                        <div
                          className="MuiBox-root MuiBox-root-198"
                        >
                          <div
                            className="FilterCategory"
                          >
                            <button
                              aria-pressed={false}
                              className="MuiButtonBase-root MuiToggleButton-root"
                              disabled={false}
                              onBlur={[Function]}
                              onChange={[Function]}
                              onClick={[Function]}
                              onDragLeave={[Function]}
                              onFocus={[Function]}
                              onKeyDown={[Function]}
                              onKeyUp={[Function]}
                              onMouseDown={[Function]}
                              onMouseLeave={[Function]}
                              onMouseUp={[Function]}
                              onTouchEnd={[Function]}
                              onTouchMove={[Function]}
                              onTouchStart={[Function]}
                              tabIndex={0}
                              type="button"
                              value="vegan"
                            >
                              <span
                                className="MuiToggleButton-label"
                              >
                                vegan
                              </span>
                            </button>
                          </div>
                        </div>
                        <div
                          className="MuiBox-root MuiBox-root-199"
                        >
                          <div
                            className="FilterCategory"
                          >
                            <button
                              aria-pressed={false}
                              className="MuiButtonBase-root MuiToggleButton-root"
                              disabled={false}
                              onBlur={[Function]}
                              onChange={[Function]}
                              onClick={[Function]}
                              onDragLeave={[Function]}
                              onFocus={[Function]}
                              onKeyDown={[Function]}
                              onKeyUp={[Function]}
                              onMouseDown={[Function]}
                              onMouseLeave={[Function]}
                              onMouseUp={[Function]}
                              onTouchEnd={[Function]}
                              onTouchMove={[Function]}
                              onTouchStart={[Function]}
                              tabIndex={0}
                              type="button"
                              value="fast"
                            >
                              <span
                                className="MuiToggleButton-label"
                              >
                                schnell
                              </span>
                            </button>
                          </div>
                        </div>
                        <div
                          className="MuiBox-root MuiBox-root-200"
                        >
                          <div
                            className="FilterCategory"
                          >
                            <button
                              aria-pressed={false}
                              className="MuiButtonBase-root MuiToggleButton-root"
                              disabled={false}
                              onBlur={[Function]}
                              onChange={[Function]}
                              onClick={[Function]}
                              onDragLeave={[Function]}
                              onFocus={[Function]}
                              onKeyDown={[Function]}
                              onKeyUp={[Function]}
                              onMouseDown={[Function]}
                              onMouseLeave={[Function]}
                              onMouseUp={[Function]}
                              onTouchEnd={[Function]}
                              onTouchMove={[Function]}
                              onTouchStart={[Function]}
                              tabIndex={0}
                              type="button"
                              value="i_have_time"
                            >
                              <span
                                className="MuiToggleButton-label"
                              >
                                ich habe Zeit
                              </span>
                            </button>
                          </div>
                        </div>
                      </div>
                    </div>
                    <div
                      className="Tags"
                    >
                      <div
                        aria-expanded={false}
                        aria-owns={null}
                        className="MuiAutocomplete-root"
                        onClick={[Function]}
                        onKeyDown={[Function]}
                        onMouseDown={[Function]}
                        role="combobox"
                      >
                        <div
                          className="MuiFormControl-root MuiTextField-root MuiFormControl-marginNormal MuiFormControl-fullWidth"
                        >
                          <div
                            className="MuiInputBase-root MuiOutlinedInput-root MuiAutocomplete-inputRoot MuiInputBase-fullWidth MuiInputBase-formControl MuiInputBase-adornedEnd MuiOutlinedInput-adornedEnd"
                            onClick={[Function]}
                          >
                            <input
                              aria-activedescendant={null}
                              aria-autocomplete="list"
                              aria-controls={null}
                              aria-invalid={false}
                              autoCapitalize="none"
                              autoComplete="off"
                              autoFocus={false}
                              className="MuiInputBase-input MuiOutlinedInput-input MuiAutocomplete-input MuiAutocomplete-inputFocused MuiInputBase-inputAdornedEnd MuiOutlinedInput-inputAdornedEnd"
                              disabled={false}
                              onAnimationStart={[Function]}
                              onBlur={[Function]}
                              onChange={[Function]}
                              onFocus={[Function]}
                              onMouseDown={[Function]}
                              placeholder="Nach Zutaten suchen..."
                              required={false}
                              spellCheck="false"
                              type="text"
                              value=""
                            />
                            <div
                              className="MuiAutocomplete-endAdornment"
                            >
                              <button
                                aria-label="Clear"
                                className="MuiButtonBase-root MuiIconButton-root MuiAutocomplete-clearIndicator"
                                disabled={false}
                                onBlur={[Function]}
                                onClick={[Function]}
                                onDragLeave={[Function]}
                                onFocus={[Function]}
                                onKeyDown={[Function]}
                                onKeyUp={[Function]}
                                onMouseDown={[Function]}
                                onMouseLeave={[Function]}
                                onMouseUp={[Function]}
                                onTouchEnd={[Function]}
                                onTouchMove={[Function]}
                                onTouchStart={[Function]}
                                tabIndex={-1}
                                title="Clear"
                                type="button"
                              >
                                <span
                                  className="MuiIconButton-label"
                                >
                                  <svg
                                    aria-hidden="true"
                                    className="MuiSvgIcon-root MuiSvgIcon-fontSizeSmall"
                                    focusable="false"
                                    role="presentation"
                                    viewBox="0 0 24 24"
                                  >
                                    <path
                                      d="M19 6.41L17.59 5 12 10.59 6.41 5 5 6.41 10.59 12 5 17.59 6.41 19 12 13.41 17.59 19 19 17.59 13.41 12z"
                                    />
                                  </svg>
                                </span>
                              </button>
                              <button
                                aria-label="Open"
                                className="MuiButtonBase-root MuiIconButton-root MuiAutocomplete-popupIndicator"
                                disabled={false}
                                onBlur={[Function]}
                                onClick={[Function]}
                                onDragLeave={[Function]}
                                onFocus={[Function]}
                                onKeyDown={[Function]}
                                onKeyUp={[Function]}
                                onMouseDown={[Function]}
                                onMouseLeave={[Function]}
                                onMouseUp={[Function]}
                                onTouchEnd={[Function]}
                                onTouchMove={[Function]}
                                onTouchStart={[Function]}
                                tabIndex={-1}
                                title="Open"
                                type="button"
                              >
                                <span
                                  className="MuiIconButton-label"
                                >
                                  <svg
                                    aria-hidden="true"
                                    className="MuiSvgIcon-root"
                                    focusable="false"
                                    role="presentation"
                                    viewBox="0 0 24 24"
                                  >
                                    <path
                                      d="M7 10l5 5 5-5z"
                                    />
                                  </svg>
                                </span>
                              </button>
                            </div>
                            <fieldset
                              aria-hidden={true}
                              className="PrivateNotchedOutline-root-176 MuiOutlinedInput-notchedOutline"
                              style={
                                Object {
                                  "paddingLeft": 8,
                                }
                              }
                            >
                              <legend
                                className="PrivateNotchedOutline-legend-177"
                                style={
                                  Object {
                                    "width": 0.01,
                                  }
                                }
                              >
                                <span
                                  dangerouslySetInnerHTML={
                                    Object {
                                      "__html": "&#8203;",
                                    }
                                  }
                                />
                              </legend>
                            </fieldset>
                          </div>
                        </div>
                      </div>
                    </div>
                  </span>
                </div>
              </div>
            </div>
          </div>
        </div>
      </div>
    </div>
  </div>
</div>
`;
