// Jest Snapshot v1, https://goo.gl/fbAQLP

exports[`Recommender renders correctly 1`] = `
<div
  className="Recommender"
  id="Container"
>
  <div
    className="RelativeParent"
  >
    <div
      className="Header"
    >
      <div
        className="HeaderContent"
      />
      <div
        className="HeaderContent"
      >
        <svg
          aria-hidden="true"
          className="MuiSvgIcon-root"
          focusable="false"
          role="presentation"
          viewBox="0 0 24 24"
        >
          <path
            d="M11.99 2C6.47 2 2 6.48 2 12s4.47 10 9.99 10C17.52 22 22 17.52 22 12S17.52 2 11.99 2zM12 20c-4.42 0-8-3.58-8-8s3.58-8 8-8 8 3.58 8 8-3.58 8-8 8z"
          />
          <path
            d="M12.5 7H11v6l5.25 3.15.75-1.23-4.5-2.67z"
          />
        </svg>
      </div>
    </div>
    <button
      aria-label="reload"
      className="MuiButtonBase-root MuiFab-root"
      disabled={false}
      id="ReloadFab"
      onBlur={[Function]}
      onDragLeave={[Function]}
      onFocus={[Function]}
      onKeyDown={[Function]}
      onKeyUp={[Function]}
      onMouseDown={[Function]}
      onMouseLeave={[Function]}
      onMouseUp={[Function]}
      onTouchEnd={[Function]}
      onTouchMove={[Function]}
      onTouchStart={[Function]}
      tabIndex={0}
      type="button"
    >
      <span
        className="MuiFab-label"
      >
        <svg
          aria-hidden="true"
          className="MuiSvgIcon-root"
          focusable="false"
          role="presentation"
          viewBox="0 0 24 24"
        >
          <path
            d="M12 5V1L7 6l5 5V7c3.31 0 6 2.69 6 6s-2.69 6-6 6-6-2.69-6-6H4c0 4.42 3.58 8 8 8s8-3.58 8-8-3.58-8-8-8z"
          />
        </svg>
      </span>
    </button>
    <div
      className="TeaserImage"
    >
      <img
        alt="finished dish"
      />
    </div>
  </div>
</div>
`;
